ID namespaces in gold (top 10): [('OMIM', 7625)]
ID namespaces in candidates (top 10): [('OMIM', 8362), ('ORPHA', 4281), ('DECIPHER', 47)]
Gold not present in candidates: 33 / 7626
Evaluated 7626 cases (matched-in-candidates: 7590)
== Full candidate set ==
Overall Top-5: 0.0753 | MRR: 0.0559
Matched Top-5: 0.0756 | MRR: 0.0562
Overall Top-10: 0.1227 | MRR: 0.0559
Matched Top-10: 0.1233 | MRR: 0.0562
Overall Top-50: 0.3057 | MRR: 0.0559
Matched Top-50: 0.3071 | MRR: 0.0562
Overall Top-100: 0.4317 | MRR: 0.0559
Matched Top-100: 0.4337 | MRR: 0.0562

--- STDERR ---
/Users/caizhuoang/Desktop/CSIC/hpo-gnn-diagnosis/src/evaluate_hybrid.py:162: FutureWarning: You are using `torch.load` with `weights_only=False` (the current default value), which uses the default pickle module implicitly. It is possible to construct malicious pickle data which will execute arbitrary code during unpickling (See https://github.com/pytorch/pytorch/blob/main/SECURITY.md#untrusted-models for more details). In a future release, the default value for `weights_only` will be flipped to `True`. This limits the functions that could be executed during unpickling. Arbitrary objects will no longer be allowed to be loaded via this mode unless they are explicitly allowlisted by the user via `torch.serialization.add_safe_globals`. We recommend you start setting `weights_only=True` for any use case where you don't have full control of the loaded file. Please open an issue on GitHub for any issues related to this experimental feature.
  term_nodes  = torch.load(args.node_list)
/Users/caizhuoang/Desktop/CSIC/hpo-gnn-diagnosis/src/evaluate_hybrid.py:163: FutureWarning: You are using `torch.load` with `weights_only=False` (the current default value), which uses the default pickle module implicitly. It is possible to construct malicious pickle data which will execute arbitrary code during unpickling (See https://github.com/pytorch/pytorch/blob/main/SECURITY.md#untrusted-models for more details). In a future release, the default value for `weights_only` will be flipped to `True`. This limits the functions that could be executed during unpickling. Arbitrary objects will no longer be allowed to be loaded via this mode unless they are explicitly allowlisted by the user via `torch.serialization.add_safe_globals`. We recommend you start setting `weights_only=True` for any use case where you don't have full control of the loaded file. Please open an issue on GitHub for any issues related to this experimental feature.
  term_embs   = torch.load(args.term_embs)
/Users/caizhuoang/Desktop/CSIC/hpo-gnn-diagnosis/src/evaluate_hybrid.py:164: FutureWarning: You are using `torch.load` with `weights_only=False` (the current default value), which uses the default pickle module implicitly. It is possible to construct malicious pickle data which will execute arbitrary code during unpickling (See https://github.com/pytorch/pytorch/blob/main/SECURITY.md#untrusted-models for more details). In a future release, the default value for `weights_only` will be flipped to `True`. This limits the functions that could be executed during unpickling. Arbitrary objects will no longer be allowed to be loaded via this mode unless they are explicitly allowlisted by the user via `torch.serialization.add_safe_globals`. We recommend you start setting `weights_only=True` for any use case where you don't have full control of the loaded file. Please open an issue on GitHub for any issues related to this experimental feature.
  disease_ids = torch.load(args.disease_ids)
/Users/caizhuoang/Desktop/CSIC/hpo-gnn-diagnosis/src/evaluate_hybrid.py:165: FutureWarning: You are using `torch.load` with `weights_only=False` (the current default value), which uses the default pickle module implicitly. It is possible to construct malicious pickle data which will execute arbitrary code during unpickling (See https://github.com/pytorch/pytorch/blob/main/SECURITY.md#untrusted-models for more details). In a future release, the default value for `weights_only` will be flipped to `True`. This limits the functions that could be executed during unpickling. Arbitrary objects will no longer be allowed to be loaded via this mode unless they are explicitly allowlisted by the user via `torch.serialization.add_safe_globals`. We recommend you start setting `weights_only=True` for any use case where you don't have full control of the loaded file. Please open an issue on GitHub for any issues related to this experimental feature.
  disease_embs = torch.load(args.disease_embs)
/Users/caizhuoang/Desktop/CSIC/hpo-gnn-diagnosis/src/evaluate_hybrid.py:167: FutureWarning: You are using `torch.load` with `weights_only=False` (the current default value), which uses the default pickle module implicitly. It is possible to construct malicious pickle data which will execute arbitrary code during unpickling (See https://github.com/pytorch/pytorch/blob/main/SECURITY.md#untrusted-models for more details). In a future release, the default value for `weights_only` will be flipped to `True`. This limits the functions that could be executed during unpickling. Arbitrary objects will no longer be allowed to be loaded via this mode unless they are explicitly allowlisted by the user via `torch.serialization.add_safe_globals`. We recommend you start setting `weights_only=True` for any use case where you don't have full control of the loaded file. Please open an issue on GitHub for any issues related to this experimental feature.
  ic_map = torch.load(args.ic)  if args.ic  and os.path.exists(args.ic)  else {}
/Users/caizhuoang/Desktop/CSIC/hpo-gnn-diagnosis/src/evaluate_hybrid.py:168: FutureWarning: You are using `torch.load` with `weights_only=False` (the current default value), which uses the default pickle module implicitly. It is possible to construct malicious pickle data which will execute arbitrary code during unpickling (See https://github.com/pytorch/pytorch/blob/main/SECURITY.md#untrusted-models for more details). In a future release, the default value for `weights_only` will be flipped to `True`. This limits the functions that could be executed during unpickling. Arbitrary objects will no longer be allowed to be loaded via this mode unless they are explicitly allowlisted by the user via `torch.serialization.add_safe_globals`. We recommend you start setting `weights_only=True` for any use case where you don't have full control of the loaded file. Please open an issue on GitHub for any issues related to this experimental feature.
  idf_map = torch.load(args.idf) if args.idf and os.path.exists(args.idf) else defaultdict(float)
